   1               		.file	"main.c"
   2               	__SREG__ = 0x3f
   3               	__SP_H__ = 0x3e
   4               	__SP_L__ = 0x3d
   5               	__CCP__  = 0x34
   6               	__tmp_reg__ = 0
   7               	__zero_reg__ = 1
  15               	.Ltext0:
  16               	.global	main
  18               	main:
  19               	.LFB6:
  20               	.LM1:
  21 0000 CF93      		push r28
  22 0002 DF93      		push r29
  23               	/* prologue: function */
  24               	/* frame size = 0 */
  25               	.LM2:
  26 0004 0E94 0000 		call SPI_Init
  27               	.LBB12:
  28               	.LBB13:
  29               	.LBB14:
  30               	.LBB15:
  31               	.LM3:
  32 0008 CCE2      		ldi r28,lo8(300)
  33 000a D1E0      		ldi r29,hi8(300)
  34               	.LVL0:
  35               	.L3:
  36               	.LBE15:
  37               	.LBE14:
  38               	.LBE13:
  39               	.LBE12:
  40               	.LM4:
  41 000c 0E94 0000 		call SPI_Data_Flush
  42               	.LVL1:
  43               	.LM5:
  44 0010 85E5      		ldi r24,lo8(85)
  45 0012 0E94 0000 		call SPI_Data_Add
  46               	.LM6:
  47 0016 86E6      		ldi r24,lo8(102)
  48 0018 0E94 0000 		call SPI_Data_Add
  49               	.LM7:
  50 001c 87E7      		ldi r24,lo8(119)
  51 001e 0E94 0000 		call SPI_Data_Add
  52               	.LM8:
  53 0022 0E94 0000 		call SPI_Data_Transceive
  54 0026 88E8      		ldi r24,lo8(5000)
  55 0028 93E1      		ldi r25,hi8(5000)
  56               	.LVL2:
  57               	.L2:
  58               	.LBB19:
  59               	.LBB18:
  60               	.LBB17:
  61               	.LBB16:
  62               	.LM9:
  63 002a FE01      		movw r30,r28
  64               	.LVL3:
  65               	/* #APP */
  66               	 ;  105 "c:/winavr-20100110/lib/gcc/../../avr/include/util/delay_basic.h" 1
  67 002c 3197      		1: sbiw r30,1
  68 002e 01F4      		brne 1b
  69               	 ;  0 "" 2
  70               	/* #NOAPP */
  71               	.LBE16:
  72               	.LBE17:
  73               	.LM10:
  74 0030 0197      		sbiw r24,1
  75               	.LM11:
  76 0032 01F4      		brne .L2
  77 0034 00C0      		rjmp .L3
  78               	.LBE18:
  79               	.LBE19:
  80               	.LFE6:
 106               	.Letext0:
DEFINED SYMBOLS
                            *ABS*:00000000 main.c
C:\Users\farid\AppData\Local\Temp/ccPYa1Mw.s:2      *ABS*:0000003f __SREG__
C:\Users\farid\AppData\Local\Temp/ccPYa1Mw.s:3      *ABS*:0000003e __SP_H__
C:\Users\farid\AppData\Local\Temp/ccPYa1Mw.s:4      *ABS*:0000003d __SP_L__
C:\Users\farid\AppData\Local\Temp/ccPYa1Mw.s:5      *ABS*:00000034 __CCP__
C:\Users\farid\AppData\Local\Temp/ccPYa1Mw.s:6      *ABS*:00000000 __tmp_reg__
C:\Users\farid\AppData\Local\Temp/ccPYa1Mw.s:7      *ABS*:00000001 __zero_reg__
C:\Users\farid\AppData\Local\Temp/ccPYa1Mw.s:18     .text:00000000 main

UNDEFINED SYMBOLS
SPI_Init
SPI_Data_Flush
SPI_Data_Add
SPI_Data_Transceive
